[raspisanie.medcoll.ru/index.html]
[backblue.gif]
[fade.gif]
[index.html]
[raspisanie.medcoll.ru/favicon.ico]
[raspisanie.medcoll.ru/bitrix/js/ui/bootstrap46/css/bootstrap.min0d77.css]
[raspisanie.medcoll.ru/bitrix/cache/css/s1/bootstrap_v4/template_58cac2f3d705bca6ccbd3418c333acec/template_58cac2f3d705bca6ccbd3418c333acec_v163fb.css]
[raspisanie.medcoll.ru/bitrix/js/main/core/core.min4c1c.js]
[raspisanie.medcoll.ru/bitrix/js/main/core/core_promise.js]
[raspisanie.medcoll.ru/bitrix/js/main/polyfill/promise/js/promise.js]
[raspisanie.medcoll.ru/bitrix/js/main/loadext/loadext.js]
[raspisanie.medcoll.ru/bitrix/js/main/loadext/extension.js]
[raspisanie.medcoll.ru/bitrix/js/main/polyfill/find/js/find.js]
[raspisanie.medcoll.ru/bitrix/js/main/polyfill/includes/js/includes.js]
[raspisanie.medcoll.ru/bitrix/js/main/polyfill/matches/js/matches.js]
[raspisanie.medcoll.ru/bitrix/js/ui/polyfill/closest/js/closest.js]
[raspisanie.medcoll.ru/bitrix/js/main/polyfill/fill/main.polyfill.fill.js]
[raspisanie.medcoll.ru/bitrix/js/main/polyfill/core/dist/polyfill.bundle.js]
[raspisanie.medcoll.ru/bitrix/js/main/core/core.js]
[raspisanie.medcoll.ru/bitrix/js/main/polyfill/intersectionobserver/js/intersectionobserver.js]
[raspisanie.medcoll.ru/bitrix/js/main/lazyload/dist/lazyload.bundle.js]
[raspisanie.medcoll.ru/bitrix/cache/js/s1/bootstrap_v4/kernel_main/kernel_main_v15ce4.js]
[raspisanie.medcoll.ru/bitrix/js/main/jquery/jquery-3.3.1.min.min0b2e.js]
[raspisanie.medcoll.ru/bitrix/js/ui/bootstrap46/js/bootstrap.min8f3f.js]
[raspisanie.medcoll.ru/bitrix/js/main/date/main.date.js]
[raspisanie.medcoll.ru/bitrix/js/main/core/core_date.js]
[raspisanie.medcoll.ru/bitrix/js/main/session.js]
[raspisanie.medcoll.ru/bitrix/js/main/pageobject/pageobject.js]
[raspisanie.medcoll.ru/bitrix/js/main/core/core_window.js]
[raspisanie.medcoll.ru/bitrix/js/ui/fontawesome4/css/font-awesome.css]
[raspisanie.medcoll.ru/include/logo.png]
[raspisanie.medcoll.ru/include/logo.jpg]
[raspisanie.medcoll.ru/index.html]
[raspisanie.medcoll.ru/bitrix/js/ui/bootstrap46/css/bootstrap.min0d77.css]
[raspisanie.medcoll.ru/students/index.html]
[raspisanie.medcoll.ru/bitrix/templates/bootstrap_v4/images/phone.svg]
[raspisanie.medcoll.ru/bitrix/templates/bootstrap_v4/images/label.svg]
[raspisanie.medcoll.ru/bitrix/templates/bootstrap_v4/images/delivery.svg]
[raspisanie.medcoll.ru/bitrix/templates/bootstrap_v4/images/sale.svg]
[raspisanie.medcoll.ru/bitrix/templates/bootstrap_v4/images/self.svg]
[raspisanie.medcoll.ru/bitrix/cache/css/s1/bootstrap_v4/template_58cac2f3d705bca6ccbd3418c333acec/template_58cac2f3d705bca6ccbd3418c333acec_v163fb.css]
[raspisanie.medcoll.ru/bitrix/js/ui/polyfill/closest/js/closest.html]
[raspisanie.medcoll.ru/bitrix/templates/bootstrap_v4/images/phone_white.svg]
[raspisanie.medcoll.ru/bitrix/js/ui/fontawesome4/fonts/fontawesome-webfont3e6e.eot]
[raspisanie.medcoll.ru/bitrix/js/ui/fontawesome4/fonts/fontawesome-webfontd41d.eot]
[raspisanie.medcoll.ru/bitrix/js/ui/fontawesome4/fonts/fontawesome-webfont3e6e.woff2]
[raspisanie.medcoll.ru/bitrix/js/ui/fontawesome4/fonts/fontawesome-webfont3e6e.woff]
[raspisanie.medcoll.ru/bitrix/js/ui/fontawesome4/fonts/fontawesome-webfont3e6e.ttf]
[raspisanie.medcoll.ru/bitrix/js/ui/fontawesome4/css/font-awesome.css]
[raspisanie.medcoll.ru/bitrix/js/ui/fontawesome4/fonts/fontawesome-webfont3e6e.svg]
[raspisanie.medcoll.ru/bitrix/cache/css/s1/bootstrap_v4/kernel_main/kernel_main_v1efbf.css]
[raspisanie.medcoll.ru/bitrix/js/ui/fonts/opensans/ui.font.opensans.min897d.css]
[raspisanie.medcoll.ru/bitrix/js/main/popup/dist/main.popup.bundle.minaf9d.css]
[raspisanie.medcoll.ru/teachers/index.html]
[raspisanie.medcoll.ru/bitrix/cache/css/s1/bootstrap_v4/page_4293afa618410a4e7683f226fc96a389/page_4293afa618410a4e7683f226fc96a389_v10904.css]
[raspisanie.medcoll.ru/bitrix/js/main/popup/dist/main.popup.bundle.minb028.js]
[raspisanie.medcoll.ru/bitrix/components/zestudio/schedule.filter/templates/student_b5/style.css]
[raspisanie.medcoll.ru/students/index.html]
[raspisanie.medcoll.ru/bitrix/components/zestudio/schedule.schedule/templates/student/style.css]
[raspisanie.medcoll.ru/bitrix/cache/css/s1/bootstrap_v4/page_eb12c44a8850280eabd13f80a22613b5/page_eb12c44a8850280eabd13f80a22613b5_v1660b.css]
[raspisanie.medcoll.ru/bitrix/components/zestudio/schedule.filter/templates/teacher/style.css]
[raspisanie.medcoll.ru/teachers/index.html]
[raspisanie.medcoll.ru/bitrix/templates/bootstrap_v4/images/phone.svg]
[raspisanie.medcoll.ru/bitrix/templates/bootstrap_v4/images/label.svg]
[raspisanie.medcoll.ru/bitrix/templates/bootstrap_v4/images/delivery.svg]
[raspisanie.medcoll.ru/bitrix/templates/bootstrap_v4/images/sale.svg]
[raspisanie.medcoll.ru/bitrix/templates/bootstrap_v4/images/self.svg]
[raspisanie.medcoll.ru/bitrix/templates/bootstrap_v4/images/phone_white.svg]
[raspisanie.medcoll.ru/bitrix/js/ui/fontawesome4/fonts/fontawesome-webfont3e6e.svg]
[raspisanie.medcoll.ru/bitrix/components/zestudio/schedule.schedule/templates/teacher/style.css]
[raspisanie.medcoll.ru/bitrix/js/main/core/images/calendar-sprite.png]
[raspisanie.medcoll.ru/bitrix/cache/css/s1/bootstrap_v4/kernel_main/kernel_main_v1efbf.css]
[raspisanie.medcoll.ru/bitrix/js/ui/fonts/opensans/opensans-regular.woff]
[raspisanie.medcoll.ru/bitrix/js/ui/fonts/opensans/opensans-regular.ttf]
[raspisanie.medcoll.ru/bitrix/js/ui/fonts/opensans/opensans-light.woff]
[raspisanie.medcoll.ru/bitrix/js/ui/fonts/opensans/opensans-light.ttf]
[raspisanie.medcoll.ru/bitrix/js/ui/fonts/opensans/opensans-semibold.woff]
[raspisanie.medcoll.ru/bitrix/js/ui/fonts/opensans/opensans-semibold.ttf]
[raspisanie.medcoll.ru/bitrix/js/ui/fonts/opensans/opensans-bold.woff]
[raspisanie.medcoll.ru/bitrix/js/ui/fonts/opensans/opensans-bold.ttf]
[raspisanie.medcoll.ru/bitrix/js/ui/fonts/opensans/ui.font.opensans.min897d.css]
[raspisanie.medcoll.ru/bitrix/js/main/popup/dist/main.popup.bundle.minaf9d.css]
[raspisanie.medcoll.ru/bitrix/cache/css/s1/bootstrap_v4/page_4293afa618410a4e7683f226fc96a389/page_4293afa618410a4e7683f226fc96a389_v10904.css]
[raspisanie.medcoll.ru/bitrix/components/zestudio/schedule.filter/templates/student_b5/style.css]
[raspisanie.medcoll.ru/bitrix/components/zestudio/schedule.schedule/templates/student/style.css]
[raspisanie.medcoll.ru/bitrix/cache/css/s1/bootstrap_v4/page_eb12c44a8850280eabd13f80a22613b5/page_eb12c44a8850280eabd13f80a22613b5_v1660b.css]
[raspisanie.medcoll.ru/bitrix/components/zestudio/schedule.filter/templates/teacher/style.css]
[raspisanie.medcoll.ru/bitrix/components/zestudio/schedule.schedule/templates/teacher/style.css]
